[apple, -1, false] -> apple-1false
[apple, -1, true] -> apple-1true
[apple, 0, false] -> apple0false
[apple, 0, true] -> apple0true
[apple, 1, false] -> apple1false
[apple, 1, true] -> apple1true
[apple, 2, false] -> apple2false
[apple, 2, true] -> apple2true
[apple, 42, false] -> apple42false
[apple, 42, true] -> apple42true
[banana, -1, false] -> banana-1false
[banana, -1, true] -> banana-1true
[banana, 0, false] -> banana0false
[banana, 0, true] -> banana0true
[banana, 1, false] -> banana1false
[banana, 1, true] -> banana1true
[banana, 2, false] -> banana2false
[banana, 2, true] -> banana2true
[banana, 42, false] -> banana42false
[banana, 42, true] -> banana42true
[kumquat, -1, false] -> kumquat-1false
[kumquat, -1, true] -> kumquat-1true
[kumquat, 0, false] -> kumquat0false
[kumquat, 0, true] -> kumquat0true
[kumquat, 1, false] -> kumquat1false
[kumquat, 1, true] -> kumquat1true
[kumquat, 2, false] -> kumquat2false
[kumquat, 2, true] -> kumquat2true
[kumquat, 42, false] -> kumquat42false
[kumquat, 42, true] -> kumquat42true
