[apple, bear, -1] -> -1 apple eating bears
[apple, bear, 0] -> 0 apple eating bears
[apple, bear, 1] -> 1 apple eating bears
[apple, bear, 2] -> 2 apple eating bears
[apple, bear, 42] -> 42 apple eating bears
[apple, cat, -1] -> -1 apple eating cats
[apple, cat, 0] -> 0 apple eating cats
[apple, cat, 1] -> 1 apple eating cats
[apple, cat, 2] -> 2 apple eating cats
[apple, cat, 42] -> 42 apple eating cats
[apple, dog, -1] -> -1 apple eating dogs
[apple, dog, 0] -> 0 apple eating dogs
[apple, dog, 1] -> 1 apple eating dogs
[apple, dog, 2] -> 2 apple eating dogs
[apple, dog, 42] -> 42 apple eating dogs
[banana, bear, -1] -> -1 banana eating bears
[banana, bear, 0] -> 0 banana eating bears
[banana, bear, 1] -> 1 banana eating bears
[banana, bear, 2] -> 2 banana eating bears
[banana, bear, 42] -> 42 banana eating bears
[banana, cat, -1] -> -1 banana eating cats
[banana, cat, 0] -> 0 banana eating cats
[banana, cat, 1] -> 1 banana eating cats
[banana, cat, 2] -> 2 banana eating cats
[banana, cat, 42] -> 42 banana eating cats
[banana, dog, -1] -> -1 banana eating dogs
[banana, dog, 0] -> 0 banana eating dogs
[banana, dog, 1] -> 1 banana eating dogs
[banana, dog, 2] -> 2 banana eating dogs
[banana, dog, 42] -> 42 banana eating dogs
[kumquat, bear, -1] -> -1 kumquat eating bears
[kumquat, bear, 0] -> 0 kumquat eating bears
[kumquat, bear, 1] -> 1 kumquat eating bears
[kumquat, bear, 2] -> 2 kumquat eating bears
[kumquat, bear, 42] -> 42 kumquat eating bears
[kumquat, cat, -1] -> -1 kumquat eating cats
[kumquat, cat, 0] -> 0 kumquat eating cats
[kumquat, cat, 1] -> 1 kumquat eating cats
[kumquat, cat, 2] -> 2 kumquat eating cats
[kumquat, cat, 42] -> 42 kumquat eating cats
[kumquat, dog, -1] -> -1 kumquat eating dogs
[kumquat, dog, 0] -> 0 kumquat eating dogs
[kumquat, dog, 1] -> 1 kumquat eating dogs
[kumquat, dog, 2] -> 2 kumquat eating dogs
[kumquat, dog, 42] -> 42 kumquat eating dogs
